2026-09-25T13:09:17.438+02:00  INFO 7676 --- [crime-app-backend] [restartedMain] c.d.c.CrimeAppBackendApplication         : Starting CrimeAppBackendApplication using Java 21.0.12.1 with PID 7676 (C:\Users\Dani\Progetti\Crime-app\backend\target\classes started by Dani in C:\Users\Dani\Progetti\Crime-app)
2026-09-25T13:09:17.439+02:00 DEBUG 7676 --- [crime-app-backend] [restartedMain] c.d.c.CrimeAppBackendApplication         : Running with Spring Boot v4.1.1, Spring v7.0.9
2026-09-25T13:09:17.439+02:00  INFO 7676 --- [crime-app-backend] [restartedMain] c.d.c.CrimeAppBackendApplication         : No active profile set, falling back to 1 default profile: "default"
2026-09-25T13:09:17.617+02:00  INFO 7676 --- [crime-app-backend] [restartedMain] .s.d.r.c.RepositoryConfigurationDelegate : Bootstrapping Spring Data JPA repositories in DEFAULT mode.
2026-09-25T13:09:17.636+02:00  INFO 7676 --- [crime-app-backend] [restartedMain] .s.d.r.c.RepositoryConfigurationDelegate : Finished Spring Data repository scanning in 17 ms. Found 7 JPA repository interfaces.
2026-09-25T13:09:17.743+02:00  INFO 7676 --- [crime-app-backend] [restartedMain] o.s.boot.tomcat.TomcatWebServer          : Tomcat initialized with port 8080 (http)
2026-09-25T13:09:17.745+02:00  INFO 7676 --- [crime-app-backend] [restartedMain] o.apache.catalina.core.StandardService   : Starting service [Tomcat]
2026-09-25T13:09:17.745+02:00  INFO 7676 --- [crime-app-backend] [restartedMain] o.apache.catalina.core.StandardEngine    : Starting Servlet engine: [Apache Tomcat/11.0.24]
2026-09-25T13:09:17.765+02:00  INFO 7676 --- [crime-app-backend] [restartedMain] b.w.c.s.WebApplicationContextInitializer : Root WebApplicationContext: initialization completed in 323 ms
2026-09-25T13:09:17.817+02:00  INFO 7676 --- [crime-app-backend] [restartedMain] com.zaxxer.hikari.HikariDataSource       : HikariPool-2 - Starting...
2026-09-25T13:09:17.848+02:00  INFO 7676 --- [crime-app-backend] [restartedMain] com.zaxxer.hikari.pool.HikariPool        : HikariPool-2 - Added connection org.postgresql.jdbc.PgConnection@55b7729d
2026-09-25T13:09:17.848+02:00  INFO 7676 --- [crime-app-backend] [restartedMain] com.zaxxer.hikari.HikariDataSource       : HikariPool-2 - Start completed.
2026-09-25T13:09:17.850+02:00  INFO 7676 --- [crime-app-backend] [restartedMain] org.flywaydb.core.FlywayExecutor         : Database: jdbc:postgresql://localhost:5432/crimeapp (PostgreSQL 16.4)
2026-09-25T13:09:17.875+02:00  INFO 7676 --- [crime-app-backend] [restartedMain] o.f.core.internal.command.DbValidate     : Successfully validated 1 migration (execution time 00:00.006s)
2026-09-25T13:09:17.915+02:00  INFO 7676 --- [crime-app-backend] [restartedMain] o.f.core.internal.command.DbMigrate      : Current version of schema "public": 1
2026-09-25T13:09:17.917+02:00  INFO 7676 --- [crime-app-backend] [restartedMain] o.f.core.internal.command.DbMigrate      : Schema "public" is up to date. No migration necessary.
2026-09-25T13:09:17.959+02:00  INFO 7676 --- [crime-app-backend] [restartedMain] org.hibernate.orm.jpa                    : HHH008540: Processing PersistenceUnitInfo [name: default]
2026-09-25T13:09:17.964+02:00  INFO 7676 --- [crime-app-backend] [restartedMain] o.h.spatial.integration.SpatialService   : HHH80000001: Hibernate Spatial integration enabled: true
2026-09-25T13:09:18.036+02:00  INFO 7676 --- [crime-app-backend] [restartedMain] org.hibernate.orm.connections.pooling    : HHH10001005: Database info:
	Database JDBC URL [jdbc:postgresql://localhost:5432/crimeapp]
	Database driver: PostgreSQL JDBC Driver
	Database dialect: PostgreSQLDialect
	Database version: 16.4
	Default catalog/schema: crimeapp/public
	Autocommit mode: undefined/unknown
	Isolation level: READ_COMMITTED [default READ_COMMITTED]
	JDBC fetch size: none
	Pool: DataSourceConnectionProvider
	Minimum pool size: undefined/unknown
	Maximum pool size: undefined/unknown
2026-09-25T13:09:18.047+02:00  INFO 7676 --- [crime-app-backend] [restartedMain] o.s.o.j.p.SpringPersistenceUnitInfo      : No LoadTimeWeaver setup: ignoring JPA class transformer
2026-09-25T13:09:18.238+02:00  INFO 7676 --- [crime-app-backend] [restartedMain] org.hibernate.orm.core                   : HHH000489: No JTA platform available (set 'hibernate.transaction.jta.platform' to enable JTA platform integration)
2026-09-25T13:09:18.258+02:00  INFO 7676 --- [crime-app-backend] [restartedMain] j.LocalContainerEntityManagerFactoryBean : Initialized JPA EntityManagerFactory for persistence unit 'default'
2026-09-25T13:09:18.337+02:00  WARN 7676 --- [crime-app-backend] [restartedMain] JpaBaseConfiguration$JpaWebConfiguration : spring.jpa.open-in-view is enabled by default. Therefore, database queries may be performed during view rendering. Explicitly configure spring.jpa.open-in-view to disable this warning
2026-09-25T13:09:18.379+02:00  WARN 7676 --- [crime-app-backend] [restartedMain] .s.a.UserDetailsServiceAutoConfiguration : 

Using generated security password: a2bb54ed-e659-4377-a7c9-990577dbf66c

This generated password is for development use only. Your security configuration must be updated before running your application in production.

2026-09-25T13:09:18.379+02:00  INFO 7676 --- [crime-app-backend] [restartedMain] r$InitializeUserDetailsManagerConfigurer : Global AuthenticationManager configured with UserDetailsService bean with name inMemoryUserDetailsManager
2026-09-25T13:09:18.626+02:00  INFO 7676 --- [crime-app-backend] [restartedMain] o.s.boot.tomcat.TomcatWebServer          : Tomcat started on port 8080 (http) with context path '/'
2026-09-25T13:09:18.632+02:00  INFO 7676 --- [crime-app-backend] [restartedMain] c.d.c.CrimeAppBackendApplication         : Started CrimeAppBackendApplication in 1.241 seconds (process running for 323.439)
2026-09-25T13:09:18.642+02:00  INFO 7676 --- [crime-app-backend] [restartedMain] .ConditionEvaluationDeltaLoggingListener : Condition evaluation unchanged
2026-09-25T13:09:20.037+02:00  INFO 7676 --- [crime-app-backend] [File Watcher] rtingClassPathChangeChangedEventListener : Restarting due to 68 class path changes (33 additions, 0 deletions, 35 modifications)
2026-09-25T13:09:20.038+02:00  INFO 7676 --- [crime-app-backend] [Thread-5] o.s.boot.tomcat.GracefulShutdown         : Commencing graceful shutdown. Waiting for active requests to complete
2026-09-25T13:09:20.043+02:00  INFO 7676 --- [crime-app-backend] [tomcat-shutdown] o.s.boot.tomcat.GracefulShutdown         : Graceful shutdown complete
2026-09-25T13:09:20.045+02:00  INFO 7676 --- [crime-app-backend] [Thread-5] j.LocalContainerEntityManagerFactoryBean : Closing JPA EntityManagerFactory for persistence unit 'default'
2026-09-25T13:09:20.046+02:00  INFO 7676 --- [crime-app-backend] [Thread-5] com.zaxxer.hikari.HikariDataSource       : HikariPool-2 - Shutdown initiated...
2026-09-25T13:09:20.050+02:00  INFO 7676 --- [crime-app-backend] [Thread-5] com.zaxxer.hikari.HikariDataSource       : HikariPool-2 - Shutdown completed.
2026-09-25T13:09:20.137+02:00  INFO 7676 --- [crime-app-backend] [restartedMain] c.d.c.CrimeAppBackendApplication         : Starting CrimeAppBackendApplication using Java 21.0.12.1 with PID 7676 (C:\Users\Dani\Progetti\Crime-app\backend\target\classes started by Dani in C:\Users\Dani\Progetti\Crime-app)
2026-09-25T13:09:20.137+02:00 DEBUG 7676 --- [crime-app-backend] [restartedMain] c.d.c.CrimeAppBackendApplication         : Running with Spring Boot v4.1.1, Spring v7.0.9
2026-09-25T13:09:20.137+02:00  INFO 7676 --- [crime-app-backend] [restartedMain] c.d.c.CrimeAppBackendApplication         : No active profile set, falling back to 1 default profile: "default"
2026-09-25T13:09:20.331+02:00  INFO 7676 --- [crime-app-backend] [restartedMain] .s.d.r.c.RepositoryConfigurationDelegate : Bootstrapping Spring Data JPA repositories in DEFAULT mode.
2026-09-25T13:09:20.350+02:00  INFO 7676 --- [crime-app-backend] [restartedMain] .s.d.r.c.RepositoryConfigurationDelegate : Finished Spring Data repository scanning in 19 ms. Found 7 JPA repository interfaces.
2026-09-25T13:09:20.455+02:00  INFO 7676 --- [crime-app-backend] [restartedMain] o.s.boot.tomcat.TomcatWebServer          : Tomcat initialized with port 8080 (http)
2026-09-25T13:09:20.455+02:00  INFO 7676 --- [crime-app-backend] [restartedMain] o.apache.catalina.core.StandardService   : Starting service [Tomcat]
2026-09-25T13:09:20.455+02:00  INFO 7676 --- [crime-app-backend] [restartedMain] o.apache.catalina.core.StandardEngine    : Starting Servlet engine: [Apache Tomcat/11.0.24]
2026-09-25T13:09:20.475+02:00  INFO 7676 --- [crime-app-backend] [restartedMain] b.w.c.s.WebApplicationContextInitializer : Root WebApplicationContext: initialization completed in 336 ms
2026-09-25T13:09:20.489+02:00 DEBUG 7676 --- [crime-app-backend] [restartedMain] c.d.c.config.RequestLoggingFilter        : Filter 'requestLoggingFilter' configured for use
2026-09-25T13:09:20.524+02:00  INFO 7676 --- [crime-app-backend] [restartedMain] com.zaxxer.hikari.HikariDataSource       : HikariPool-3 - Starting...
2026-09-25T13:09:20.554+02:00  INFO 7676 --- [crime-app-backend] [restartedMain] com.zaxxer.hikari.pool.HikariPool        : HikariPool-3 - Added connection org.postgresql.jdbc.PgConnection@435f839e
2026-09-25T13:09:20.555+02:00  INFO 7676 --- [crime-app-backend] [restartedMain] com.zaxxer.hikari.HikariDataSource       : HikariPool-3 - Start completed.
2026-09-25T13:09:20.557+02:00  INFO 7676 --- [crime-app-backend] [restartedMain] org.flywaydb.core.FlywayExecutor         : Database: jdbc:postgresql://localhost:5432/crimeapp (PostgreSQL 16.4)
2026-09-25T13:09:20.581+02:00  INFO 7676 --- [crime-app-backend] [restartedMain] o.f.core.internal.command.DbValidate     : Successfully validated 1 migration (execution time 00:00.007s)
2026-09-25T13:09:20.619+02:00  INFO 7676 --- [crime-app-backend] [restartedMain] o.f.core.internal.command.DbMigrate      : Current version of schema "public": 1
2026-09-25T13:09:20.621+02:00  INFO 7676 --- [crime-app-backend] [restartedMain] o.f.core.internal.command.DbMigrate      : Schema "public" is up to date. No migration necessary.
2026-09-25T13:09:20.640+02:00  INFO 7676 --- [crime-app-backend] [restartedMain] org.hibernate.orm.jpa                    : HHH008540: Processing PersistenceUnitInfo [name: default]
2026-09-25T13:09:20.643+02:00  INFO 7676 --- [crime-app-backend] [restartedMain] o.h.spatial.integration.SpatialService   : HHH80000001: Hibernate Spatial integration enabled: true
2026-09-25T13:09:20.680+02:00  INFO 7676 --- [crime-app-backend] [restartedMain] org.hibernate.orm.connections.pooling    : HHH10001005: Database info:
	Database JDBC URL [jdbc:postgresql://localhost:5432/crimeapp]
	Database driver: PostgreSQL JDBC Driver
	Database dialect: PostgreSQLDialect
	Database version: 16.4
	Default catalog/schema: crimeapp/public
	Autocommit mode: undefined/unknown
	Isolation level: READ_COMMITTED [default READ_COMMITTED]
	JDBC fetch size: none
	Pool: DataSourceConnectionProvider
	Minimum pool size: undefined/unknown
	Maximum pool size: undefined/unknown
2026-09-25T13:09:20.688+02:00  INFO 7676 --- [crime-app-backend] [restartedMain] o.s.o.j.p.SpringPersistenceUnitInfo      : No LoadTimeWeaver setup: ignoring JPA class transformer
2026-09-25T13:09:20.827+02:00  INFO 7676 --- [crime-app-backend] [restartedMain] org.hibernate.orm.core                   : HHH000489: No JTA platform available (set 'hibernate.transaction.jta.platform' to enable JTA platform integration)
2026-09-25T13:09:20.844+02:00  INFO 7676 --- [crime-app-backend] [restartedMain] j.LocalContainerEntityManagerFactoryBean : Initialized JPA EntityManagerFactory for persistence unit 'default'
2026-09-25T13:09:20.986+02:00  WARN 7676 --- [crime-app-backend] [restartedMain] JpaBaseConfiguration$JpaWebConfiguration : spring.jpa.open-in-view is enabled by default. Therefore, database queries may be performed during view rendering. Explicitly configure spring.jpa.open-in-view to disable this warning
2026-09-25T13:09:21.014+02:00  WARN 7676 --- [crime-app-backend] [restartedMain] .s.a.UserDetailsServiceAutoConfiguration : 

Using generated security password: f479f906-d965-4c72-812f-a7dec6d0acd5

This generated password is for development use only. Your security configuration must be updated before running your application in production.

2026-09-25T13:09:21.016+02:00  INFO 7676 --- [crime-app-backend] [restartedMain] r$InitializeUserDetailsManagerConfigurer : Global AuthenticationManager configured with UserDetailsService bean with name inMemoryUserDetailsManager
2026-09-25T13:09:21.166+02:00  INFO 7676 --- [crime-app-backend] [restartedMain] o.s.boot.tomcat.TomcatWebServer          : Tomcat started on port 8080 (http) with context path '/'
2026-09-25T13:09:21.169+02:00  INFO 7676 --- [crime-app-backend] [restartedMain] c.d.c.CrimeAppBackendApplication         : Started CrimeAppBackendApplication in 1.063 seconds (process running for 325.975)
2026-09-25T13:09:21.170+02:00  INFO 7676 --- [crime-app-backend] [restartedMain] .ConditionEvaluationDeltaLoggingListener : Condition evaluation unchanged
2026-09-25T13:09:21.174+02:00 DEBUG 7676 --- [crime-app-backend] [scheduling-1] org.hibernate.SQL                        : select s1_0.id,s1_0.anonima,s1_0.autore_id,s1_0.categoria_id,s1_0.data_creazione,s1_0.data_rimozione,s1_0.data_scadenza,s1_0.descrizione,s1_0.posizione,s1_0.stato from segnalazione s1_0 where s1_0.stato=? and s1_0.data_scadenza<?
2026-09-25T13:10:22.727+02:00  INFO 7676 --- [crime-app-backend] [http-nio-8080-exec-1] o.a.c.c.C.[Tomcat].[localhost].[/]       : Initializing Spring DispatcherServlet 'dispatcherServlet'
2026-09-25T13:10:22.732+02:00  INFO 7676 --- [crime-app-backend] [http-nio-8080-exec-1] o.s.web.servlet.DispatcherServlet        : Initializing Servlet 'dispatcherServlet'
2026-09-25T13:10:22.750+02:00  INFO 7676 --- [crime-app-backend] [http-nio-8080-exec-1] o.s.web.servlet.DispatcherServlet        : Completed initialization in 18 ms
2026-09-25T13:10:22.796+02:00 DEBUG 7676 --- [crime-app-backend] [http-nio-8080-exec-1] org.hibernate.SQL                        : select c1_0.id,c1_0.attiva,c1_0.descrizione,c1_0.durata_validita_ore,c1_0.icona,c1_0.nome from categoria c1_0
2026-09-25T13:10:22.819+02:00  INFO 7676 --- [crime-app-backend] [http-nio-8080-exec-1] c.d.c.config.RequestLoggingFilter        : GET /api/categorie -> 200 (63 ms)
2026-09-25T13:10:25.090+02:00 DEBUG 7676 --- [crime-app-backend] [http-nio-8080-exec-2] org.hibernate.SQL                        : select c1_0.id,c1_0.attiva,c1_0.descrizione,c1_0.durata_validita_ore,c1_0.icona,c1_0.nome from categoria c1_0
2026-09-25T13:10:25.093+02:00  INFO 7676 --- [crime-app-backend] [http-nio-8080-exec-2] c.d.c.config.RequestLoggingFilter        : GET /api/categorie -> 200 (6 ms)
2026-09-25T13:11:51.992+02:00  INFO 7676 --- [crime-app-backend] [SpringApplicationShutdownHook] o.s.boot.tomcat.GracefulShutdown         : Commencing graceful shutdown. Waiting for active requests to complete
2026-09-25T13:11:52.002+02:00  INFO 7676 --- [crime-app-backend] [tomcat-shutdown] o.s.boot.tomcat.GracefulShutdown         : Graceful shutdown complete
2026-09-25T13:11:52.016+02:00  INFO 7676 --- [crime-app-backend] [SpringApplicationShutdownHook] j.LocalContainerEntityManagerFactoryBean : Closing JPA EntityManagerFactory for persistence unit 'default'
2026-09-25T13:11:52.027+02:00  INFO 7676 --- [crime-app-backend] [SpringApplicationShutdownHook] com.zaxxer.hikari.HikariDataSource       : HikariPool-3 - Shutdown initiated...
2026-09-25T13:11:52.030+02:00  INFO 7676 --- [crime-app-backend] [SpringApplicationShutdownHook] com.zaxxer.hikari.HikariDataSource       : HikariPool-3 - Shutdown completed.
2026-09-25T13:12:51.376+02:00  INFO 24664 --- [crime-app-backend] [restartedMain] c.d.c.CrimeAppBackendApplication         : Starting CrimeAppBackendApplication using Java 21.0.12.1 with PID 24664 (C:\Users\Dani\Progetti\Crime-app\backend\target\classes started by Dani in C:\Users\Dani\Progetti\Crime-app)
2026-09-25T13:12:51.378+02:00 DEBUG 24664 --- [crime-app-backend] [restartedMain] c.d.c.CrimeAppBackendApplication         : Running with Spring Boot v4.1.1, Spring v7.0.9
2026-09-25T13:12:51.379+02:00  INFO 24664 --- [crime-app-backend] [restartedMain] c.d.c.CrimeAppBackendApplication         : No active profile set, falling back to 1 default profile: "default"
2026-09-25T13:12:51.418+02:00  INFO 24664 --- [crime-app-backend] [restartedMain] .e.DevToolsPropertyDefaultsPostProcessor : Devtools property defaults active! Set 'spring.devtools.add-properties' to 'false' to disable
2026-09-25T13:12:51.418+02:00  INFO 24664 --- [crime-app-backend] [restartedMain] .e.DevToolsPropertyDefaultsPostProcessor : For additional web related logging consider setting the 'logging.level.web' property to 'DEBUG'
2026-09-25T13:12:51.957+02:00  INFO 24664 --- [crime-app-backend] [restartedMain] .s.d.r.c.RepositoryConfigurationDelegate : Bootstrapping Spring Data JPA repositories in DEFAULT mode.
2026-09-25T13:12:52.015+02:00  INFO 24664 --- [crime-app-backend] [restartedMain] .s.d.r.c.RepositoryConfigurationDelegate : Finished Spring Data repository scanning in 46 ms. Found 7 JPA repository interfaces.
2026-09-25T13:12:52.509+02:00  INFO 24664 --- [crime-app-backend] [restartedMain] o.s.boot.tomcat.TomcatWebServer          : Tomcat initialized with port 8080 (http)
2026-09-25T13:12:52.526+02:00  INFO 24664 --- [crime-app-backend] [restartedMain] o.apache.catalina.core.StandardService   : Starting service [Tomcat]
2026-09-25T13:12:52.526+02:00  INFO 24664 --- [crime-app-backend] [restartedMain] o.apache.catalina.core.StandardEngine    : Starting Servlet engine: [Apache Tomcat/11.0.24]
2026-09-25T13:12:52.564+02:00  INFO 24664 --- [crime-app-backend] [restartedMain] b.w.c.s.WebApplicationContextInitializer : Root WebApplicationContext: initialization completed in 1145 ms
2026-09-25T13:12:52.605+02:00 DEBUG 24664 --- [crime-app-backend] [restartedMain] c.d.c.config.RequestLoggingFilter        : Filter 'requestLoggingFilter' configured for use
2026-09-25T13:12:52.797+02:00  INFO 24664 --- [crime-app-backend] [restartedMain] com.zaxxer.hikari.HikariDataSource       : HikariPool-1 - Starting...
2026-09-25T13:12:52.924+02:00  INFO 24664 --- [crime-app-backend] [restartedMain] com.zaxxer.hikari.pool.HikariPool        : HikariPool-1 - Added connection org.postgresql.jdbc.PgConnection@bbfcbd
2026-09-25T13:12:52.925+02:00  INFO 24664 --- [crime-app-backend] [restartedMain] com.zaxxer.hikari.HikariDataSource       : HikariPool-1 - Start completed.
2026-09-25T13:12:52.943+02:00  INFO 24664 --- [crime-app-backend] [restartedMain] org.flywaydb.core.FlywayExecutor         : Database: jdbc:postgresql://localhost:5432/crimeapp (PostgreSQL 16.4)
2026-09-25T13:12:53.000+02:00  INFO 24664 --- [crime-app-backend] [restartedMain] o.f.core.internal.command.DbValidate     : Successfully validated 1 migration (execution time 00:00.022s)
2026-09-25T13:12:53.039+02:00  INFO 24664 --- [crime-app-backend] [restartedMain] o.f.core.internal.command.DbMigrate      : Current version of schema "public": 1
2026-09-25T13:12:53.042+02:00  INFO 24664 --- [crime-app-backend] [restartedMain] o.f.core.internal.command.DbMigrate      : Schema "public" is up to date. No migration necessary.
2026-09-25T13:12:53.125+02:00  INFO 24664 --- [crime-app-backend] [restartedMain] org.hibernate.orm.jpa                    : HHH008540: Processing PersistenceUnitInfo [name: default]
2026-09-25T13:12:53.185+02:00  INFO 24664 --- [crime-app-backend] [restartedMain] org.hibernate.orm.core                   : HHH000001: Hibernate ORM core version 7.4.5.Final
2026-09-25T13:12:53.194+02:00  INFO 24664 --- [crime-app-backend] [restartedMain] o.h.spatial.integration.SpatialService   : HHH80000001: Hibernate Spatial integration enabled: true
2026-09-25T13:12:53.514+02:00  INFO 24664 --- [crime-app-backend] [restartedMain] org.hibernate.orm.connections.pooling    : HHH10001005: Database info:
	Database JDBC URL [jdbc:postgresql://localhost:5432/crimeapp]
	Database driver: PostgreSQL JDBC Driver
	Database dialect: PostgreSQLDialect
	Database version: 16.4
	Default catalog/schema: crimeapp/public
	Autocommit mode: undefined/unknown
	Isolation level: READ_COMMITTED [default READ_COMMITTED]
	JDBC fetch size: none
	Pool: DataSourceConnectionProvider
	Minimum pool size: undefined/unknown
	Maximum pool size: undefined/unknown
2026-09-25T13:12:53.702+02:00  INFO 24664 --- [crime-app-backend] [restartedMain] o.s.o.j.p.SpringPersistenceUnitInfo      : No LoadTimeWeaver setup: ignoring JPA class transformer
2026-09-25T13:12:54.729+02:00  INFO 24664 --- [crime-app-backend] [restartedMain] org.hibernate.orm.core                   : HHH000489: No JTA platform available (set 'hibernate.transaction.jta.platform' to enable JTA platform integration)
2026-09-25T13:12:54.779+02:00  INFO 24664 --- [crime-app-backend] [restartedMain] j.LocalContainerEntityManagerFactoryBean : Initialized JPA EntityManagerFactory for persistence unit 'default'
2026-09-25T13:12:54.848+02:00  INFO 24664 --- [crime-app-backend] [restartedMain] o.s.d.j.r.query.QueryEnhancerFactories   : Hibernate is in classpath; If applicable, HQL parser will be used.
2026-09-25T13:12:55.140+02:00  WARN 24664 --- [crime-app-backend] [restartedMain] JpaBaseConfiguration$JpaWebConfiguration : spring.jpa.open-in-view is enabled by default. Therefore, database queries may be performed during view rendering. Explicitly configure spring.jpa.open-in-view to disable this warning
2026-09-25T13:12:55.209+02:00  WARN 24664 --- [crime-app-backend] [restartedMain] .s.a.UserDetailsServiceAutoConfiguration : 

Using generated security password: e5b357bf-3582-408a-b76c-9470dd9fa83b

This generated password is for development use only. Your security configuration must be updated before running your application in production.

2026-09-25T13:12:55.215+02:00  INFO 24664 --- [crime-app-backend] [restartedMain] r$InitializeUserDetailsManagerConfigurer : Global AuthenticationManager configured with UserDetailsService bean with name inMemoryUserDetailsManager
2026-09-25T13:12:55.586+02:00  INFO 24664 --- [crime-app-backend] [restartedMain] o.s.boot.tomcat.TomcatWebServer          : Tomcat started on port 8080 (http) with context path '/'
2026-09-25T13:12:55.596+02:00  INFO 24664 --- [crime-app-backend] [restartedMain] c.d.c.CrimeAppBackendApplication         : Started CrimeAppBackendApplication in 4.663 seconds (process running for 5.131)
2026-09-25T13:12:55.944+02:00 DEBUG 24664 --- [crime-app-backend] [scheduling-1] org.hibernate.SQL                        : select s1_0.id,s1_0.anonima,s1_0.autore_id,s1_0.categoria_id,s1_0.data_creazione,s1_0.data_rimozione,s1_0.data_scadenza,s1_0.descrizione,s1_0.posizione,s1_0.stato from segnalazione s1_0 where s1_0.stato=? and s1_0.data_scadenza<?
2026-09-25T13:13:03.202+02:00  INFO 24664 --- [crime-app-backend] [http-nio-8080-exec-1] o.a.c.c.C.[Tomcat].[localhost].[/]       : Initializing Spring DispatcherServlet 'dispatcherServlet'
2026-09-25T13:13:03.202+02:00  INFO 24664 --- [crime-app-backend] [http-nio-8080-exec-1] o.s.web.servlet.DispatcherServlet        : Initializing Servlet 'dispatcherServlet'
2026-09-25T13:13:03.204+02:00  INFO 24664 --- [crime-app-backend] [http-nio-8080-exec-1] o.s.web.servlet.DispatcherServlet        : Completed initialization in 2 ms
2026-09-25T13:13:03.289+02:00 DEBUG 24664 --- [crime-app-backend] [http-nio-8080-exec-1] org.hibernate.SQL                        : select c1_0.id,c1_0.attiva,c1_0.descrizione,c1_0.durata_validita_ore,c1_0.icona,c1_0.nome from categoria c1_0
2026-09-25T13:13:03.317+02:00  INFO 24664 --- [crime-app-backend] [http-nio-8080-exec-1] c.d.c.config.RequestLoggingFilter        : GET /api/categorie -> 200 (62 ms)
2026-09-25T13:13:09.972+02:00 DEBUG 24664 --- [crime-app-backend] [http-nio-8080-exec-3] org.hibernate.SQL                        : select c1_0.id,c1_0.attiva,c1_0.descrizione,c1_0.durata_validita_ore,c1_0.icona,c1_0.nome from categoria c1_0
2026-09-25T13:13:09.977+02:00  INFO 24664 --- [crime-app-backend] [http-nio-8080-exec-3] c.d.c.config.RequestLoggingFilter        : GET /api/categorie -> 200 (8 ms)
2026-09-25T13:13:13.916+02:00 DEBUG 24664 --- [crime-app-backend] [http-nio-8080-exec-5] org.hibernate.SQL                        : select c1_0.id,c1_0.attiva,c1_0.descrizione,c1_0.durata_validita_ore,c1_0.icona,c1_0.nome from categoria c1_0 where c1_0.id=?
2026-09-25T13:13:13.918+02:00  INFO 24664 --- [crime-app-backend] [http-nio-8080-exec-5] c.d.c.service.CategoriaService           : Categoria disattivata: id=5
2026-09-25T13:13:13.942+02:00 DEBUG 24664 --- [crime-app-backend] [http-nio-8080-exec-5] org.hibernate.SQL                        : update categoria set attiva=?,descrizione=?,durata_validita_ore=?,icona=?,nome=? where id=?
2026-09-25T13:13:13.949+02:00  INFO 24664 --- [crime-app-backend] [http-nio-8080-exec-5] c.d.c.config.RequestLoggingFilter        : PATCH /api/categorie/5/disattiva -> 204 (42 ms)
2026-09-25T13:13:13.955+02:00 DEBUG 24664 --- [crime-app-backend] [http-nio-8080-exec-4] org.hibernate.SQL                        : select c1_0.id,c1_0.attiva,c1_0.descrizione,c1_0.durata_validita_ore,c1_0.icona,c1_0.nome from categoria c1_0
2026-09-25T13:13:13.958+02:00  INFO 24664 --- [crime-app-backend] [http-nio-8080-exec-4] c.d.c.config.RequestLoggingFilter        : GET /api/categorie -> 200 (5 ms)
2026-09-25T13:13:38.018+02:00 DEBUG 24664 --- [crime-app-backend] [http-nio-8080-exec-7] org.hibernate.SQL                        : select c1_0.id,c1_0.attiva,c1_0.descrizione,c1_0.durata_validita_ore,c1_0.icona,c1_0.nome from categoria c1_0 where c1_0.id=?
2026-09-25T13:13:38.019+02:00  INFO 24664 --- [crime-app-backend] [http-nio-8080-exec-7] c.d.c.service.CategoriaService           : Categoria riattivata: id=5
2026-09-25T13:13:38.020+02:00 DEBUG 24664 --- [crime-app-backend] [http-nio-8080-exec-7] org.hibernate.SQL                        : update categoria set attiva=?,descrizione=?,durata_validita_ore=?,icona=?,nome=? where id=?
2026-09-25T13:13:38.023+02:00  INFO 24664 --- [crime-app-backend] [http-nio-8080-exec-7] c.d.c.config.RequestLoggingFilter        : PATCH /api/categorie/5/riattiva -> 204 (8 ms)
2026-09-25T13:13:38.028+02:00 DEBUG 24664 --- [crime-app-backend] [http-nio-8080-exec-8] org.hibernate.SQL                        : select c1_0.id,c1_0.attiva,c1_0.descrizione,c1_0.durata_validita_ore,c1_0.icona,c1_0.nome from categoria c1_0
2026-09-25T13:13:38.031+02:00  INFO 24664 --- [crime-app-backend] [http-nio-8080-exec-8] c.d.c.config.RequestLoggingFilter        : GET /api/categorie -> 200 (5 ms)
2026-09-25T13:16:02.149+02:00 DEBUG 24664 --- [crime-app-backend] [http-nio-8080-exec-10] org.hibernate.SQL                        : select c1_0.id,c1_0.attiva,c1_0.descrizione,c1_0.durata_validita_ore,c1_0.icona,c1_0.nome from categoria c1_0
2026-09-25T13:16:02.154+02:00  INFO 24664 --- [crime-app-backend] [http-nio-8080-exec-10] c.d.c.config.RequestLoggingFilter        : GET /api/categorie -> 200 (9 ms)
2026-09-25T13:16:04.473+02:00 DEBUG 24664 --- [crime-app-backend] [http-nio-8080-exec-1] org.hibernate.SQL                        : select c1_0.id,c1_0.attiva,c1_0.descrizione,c1_0.durata_validita_ore,c1_0.icona,c1_0.nome from categoria c1_0
2026-09-25T13:16:04.477+02:00  INFO 24664 --- [crime-app-backend] [http-nio-8080-exec-1] c.d.c.config.RequestLoggingFilter        : GET /api/categorie -> 200 (9 ms)
2026-09-25T13:17:55.596+02:00 DEBUG 24664 --- [crime-app-backend] [scheduling-1] org.hibernate.SQL                        : select s1_0.id,s1_0.anonima,s1_0.autore_id,s1_0.categoria_id,s1_0.data_creazione,s1_0.data_rimozione,s1_0.data_scadenza,s1_0.descrizione,s1_0.posizione,s1_0.stato from segnalazione s1_0 where s1_0.stato=? and s1_0.data_scadenza<?
2026-09-25T13:18:19.049+02:00 DEBUG 24664 --- [crime-app-backend] [http-nio-8080-exec-2] org.hibernate.SQL                        : select c1_0.id,c1_0.attiva,c1_0.descrizione,c1_0.durata_validita_ore,c1_0.icona,c1_0.nome from categoria c1_0
2026-09-25T13:18:19.053+02:00  INFO 24664 --- [crime-app-backend] [http-nio-8080-exec-2] c.d.c.config.RequestLoggingFilter        : GET /api/categorie -> 200 (9 ms)
2026-09-25T13:18:21.378+02:00 DEBUG 24664 --- [crime-app-backend] [http-nio-8080-exec-5] org.hibernate.SQL                        : select c1_0.id,c1_0.attiva,c1_0.descrizione,c1_0.durata_validita_ore,c1_0.icona,c1_0.nome from categoria c1_0
2026-09-25T13:18:21.382+02:00  INFO 24664 --- [crime-app-backend] [http-nio-8080-exec-5] c.d.c.config.RequestLoggingFilter        : GET /api/categorie -> 200 (8 ms)
2026-09-25T13:18:23.539+02:00 DEBUG 24664 --- [crime-app-backend] [http-nio-8080-exec-4] org.hibernate.SQL                        : select c1_0.id,c1_0.attiva,c1_0.descrizione,c1_0.durata_validita_ore,c1_0.icona,c1_0.nome from categoria c1_0
2026-09-25T13:18:23.543+02:00  INFO 24664 --- [crime-app-backend] [http-nio-8080-exec-4] c.d.c.config.RequestLoggingFilter        : GET /api/categorie -> 200 (7 ms)
2026-09-25T13:20:43.276+02:00 DEBUG 24664 --- [crime-app-backend] [http-nio-8080-exec-7] org.hibernate.SQL                        : select c1_0.id,c1_0.attiva,c1_0.descrizione,c1_0.durata_validita_ore,c1_0.icona,c1_0.nome from categoria c1_0
2026-09-25T13:20:43.282+02:00  INFO 24664 --- [crime-app-backend] [http-nio-8080-exec-7] c.d.c.config.RequestLoggingFilter        : GET /api/categorie -> 200 (9 ms)
2026-09-25T13:20:49.358+02:00 DEBUG 24664 --- [crime-app-backend] [http-nio-8080-exec-8] org.hibernate.SQL                        : select c1_0.id,c1_0.attiva,c1_0.descrizione,c1_0.durata_validita_ore,c1_0.icona,c1_0.nome from categoria c1_0
2026-09-25T13:20:49.359+02:00 DEBUG 24664 --- [crime-app-backend] [http-nio-8080-exec-9] org.hibernate.SQL                        : select u1_0.id,u1_0.attivo,u1_0.cognome,u1_0.data_aggiornamento,u1_0.data_registrazione,u1_0.email,u1_0.identita_verificata,u1_0.nome,u1_0.password_hash,u1_0.punteggio_fiducia from utente u1_0
2026-09-25T13:20:49.359+02:00 DEBUG 24664 --- [crime-app-backend] [http-nio-8080-exec-10] org.hibernate.SQL                        : select s1_0.id,s1_0.anonima,s1_0.autore_id,s1_0.categoria_id,s1_0.data_creazione,s1_0.data_rimozione,s1_0.data_scadenza,s1_0.descrizione,s1_0.posizione,s1_0.stato from segnalazione s1_0
2026-09-25T13:20:49.362+02:00  INFO 24664 --- [crime-app-backend] [http-nio-8080-exec-8] c.d.c.config.RequestLoggingFilter        : GET /api/categorie -> 200 (8 ms)
2026-09-25T13:20:49.378+02:00 DEBUG 24664 --- [crime-app-backend] [http-nio-8080-exec-9] org.hibernate.SQL                        : select pn1_0.id,pn1_0.notifiche_attive,pn1_0.notifiche_solo_categorie_preferite,pn1_0.raggio_notifica_metri,pn1_0.utente_id from preferenze_notifica pn1_0 where pn1_0.utente_id=?
2026-09-25T13:20:49.383+02:00 DEBUG 24664 --- [crime-app-backend] [http-nio-8080-exec-9] org.hibernate.SQL                        : select pn1_0.id,pn1_0.notifiche_attive,pn1_0.notifiche_solo_categorie_preferite,pn1_0.raggio_notifica_metri,pn1_0.utente_id from preferenze_notifica pn1_0 where pn1_0.utente_id=?
2026-09-25T13:20:49.385+02:00 DEBUG 24664 --- [crime-app-backend] [http-nio-8080-exec-9] org.hibernate.SQL                        : select pn1_0.id,pn1_0.notifiche_attive,pn1_0.notifiche_solo_categorie_preferite,pn1_0.raggio_notifica_metri,pn1_0.utente_id from preferenze_notifica pn1_0 where pn1_0.utente_id=?
2026-09-25T13:20:49.386+02:00 DEBUG 24664 --- [crime-app-backend] [http-nio-8080-exec-9] org.hibernate.SQL                        : select pn1_0.id,pn1_0.notifiche_attive,pn1_0.notifiche_solo_categorie_preferite,pn1_0.raggio_notifica_metri,pn1_0.utente_id from preferenze_notifica pn1_0 where pn1_0.utente_id=?
2026-09-25T13:20:49.387+02:00 DEBUG 24664 --- [crime-app-backend] [http-nio-8080-exec-9] org.hibernate.SQL                        : select pn1_0.id,pn1_0.notifiche_attive,pn1_0.notifiche_solo_categorie_preferite,pn1_0.raggio_notifica_metri,pn1_0.utente_id from preferenze_notifica pn1_0 where pn1_0.utente_id=?
2026-09-25T13:20:49.388+02:00 DEBUG 24664 --- [crime-app-backend] [http-nio-8080-exec-9] org.hibernate.SQL                        : select pn1_0.id,pn1_0.notifiche_attive,pn1_0.notifiche_solo_categorie_preferite,pn1_0.raggio_notifica_metri,pn1_0.utente_id from preferenze_notifica pn1_0 where pn1_0.utente_id=?
2026-09-25T13:20:49.389+02:00 DEBUG 24664 --- [crime-app-backend] [http-nio-8080-exec-9] org.hibernate.SQL                        : select pn1_0.id,pn1_0.notifiche_attive,pn1_0.notifiche_solo_categorie_preferite,pn1_0.raggio_notifica_metri,pn1_0.utente_id from preferenze_notifica pn1_0 where pn1_0.utente_id=?
2026-09-25T13:20:49.390+02:00 DEBUG 24664 --- [crime-app-backend] [http-nio-8080-exec-9] org.hibernate.SQL                        : select pn1_0.id,pn1_0.notifiche_attive,pn1_0.notifiche_solo_categorie_preferite,pn1_0.raggio_notifica_metri,pn1_0.utente_id from preferenze_notifica pn1_0 where pn1_0.utente_id=?
2026-09-25T13:20:49.396+02:00  INFO 24664 --- [crime-app-backend] [http-nio-8080-exec-9] c.d.c.config.RequestLoggingFilter        : GET /api/utenti -> 200 (40 ms)
2026-09-25T13:20:49.896+02:00 DEBUG 24664 --- [crime-app-backend] [http-nio-8080-exec-10] org.hibernate.SQL                        : select c1_0.id,c1_0.attiva,c1_0.descrizione,c1_0.durata_validita_ore,c1_0.icona,c1_0.nome from categoria c1_0 where c1_0.id=?
2026-09-25T13:20:49.909+02:00  INFO 24664 --- [crime-app-backend] [http-nio-8080-exec-10] c.d.c.config.RequestLoggingFilter        : GET /api/segnalazioni -> 200 (553 ms)
2026-09-25T13:20:56.334+02:00 DEBUG 24664 --- [crime-app-backend] [http-nio-8080-exec-1] org.hibernate.SQL                        : select s1_0.id,s1_0.anonima,s1_0.autore_id,s1_0.categoria_id,s1_0.data_creazione,s1_0.data_rimozione,s1_0.data_scadenza,s1_0.descrizione,s1_0.posizione,s1_0.stato from segnalazione s1_0
2026-09-25T13:20:56.347+02:00  INFO 24664 --- [crime-app-backend] [http-nio-8080-exec-1] c.d.c.config.RequestLoggingFilter        : GET /api/segnalazioni?stato=ATTIVA -> 200 (20 ms)
2026-09-25T13:20:57.215+02:00 DEBUG 24664 --- [crime-app-backend] [http-nio-8080-exec-3] org.hibernate.SQL                        : select s1_0.id,s1_0.anonima,s1_0.autore_id,s1_0.categoria_id,s1_0.data_creazione,s1_0.data_rimozione,s1_0.data_scadenza,s1_0.descrizione,s1_0.posizione,s1_0.stato from segnalazione s1_0
2026-09-25T13:20:57.219+02:00  INFO 24664 --- [crime-app-backend] [http-nio-8080-exec-3] c.d.c.config.RequestLoggingFilter        : GET /api/segnalazioni?stato=SCADUTA -> 200 (7 ms)
2026-09-25T13:20:58.070+02:00 DEBUG 24664 --- [crime-app-backend] [http-nio-8080-exec-2] org.hibernate.SQL                        : select s1_0.id,s1_0.anonima,s1_0.autore_id,s1_0.categoria_id,s1_0.data_creazione,s1_0.data_rimozione,s1_0.data_scadenza,s1_0.descrizione,s1_0.posizione,s1_0.stato from segnalazione s1_0
2026-09-25T13:20:58.073+02:00 DEBUG 24664 --- [crime-app-backend] [http-nio-8080-exec-2] org.hibernate.SQL                        : select c1_0.id,c1_0.attiva,c1_0.descrizione,c1_0.durata_validita_ore,c1_0.icona,c1_0.nome from categoria c1_0 where c1_0.id=?
2026-09-25T13:20:58.075+02:00  INFO 24664 --- [crime-app-backend] [http-nio-8080-exec-2] c.d.c.config.RequestLoggingFilter        : GET /api/segnalazioni?stato=SOSPESA -> 200 (8 ms)
2026-09-25T13:20:59.039+02:00 DEBUG 24664 --- [crime-app-backend] [http-nio-8080-exec-5] org.hibernate.SQL                        : select s1_0.id,s1_0.anonima,s1_0.autore_id,s1_0.categoria_id,s1_0.data_creazione,s1_0.data_rimozione,s1_0.data_scadenza,s1_0.descrizione,s1_0.posizione,s1_0.stato from segnalazione s1_0
2026-09-25T13:20:59.042+02:00 DEBUG 24664 --- [crime-app-backend] [http-nio-8080-exec-5] org.hibernate.SQL                        : select c1_0.id,c1_0.attiva,c1_0.descrizione,c1_0.durata_validita_ore,c1_0.icona,c1_0.nome from categoria c1_0 where c1_0.id=?
2026-09-25T13:20:59.044+02:00  INFO 24664 --- [crime-app-backend] [http-nio-8080-exec-5] c.d.c.config.RequestLoggingFilter        : GET /api/segnalazioni?stato=RIMOSSA -> 200 (8 ms)
2026-09-25T13:20:59.863+02:00 DEBUG 24664 --- [crime-app-backend] [http-nio-8080-exec-4] org.hibernate.SQL                        : select s1_0.id,s1_0.anonima,s1_0.autore_id,s1_0.categoria_id,s1_0.data_creazione,s1_0.data_rimozione,s1_0.data_scadenza,s1_0.descrizione,s1_0.posizione,s1_0.stato from segnalazione s1_0
2026-09-25T13:20:59.866+02:00  INFO 24664 --- [crime-app-backend] [http-nio-8080-exec-4] c.d.c.config.RequestLoggingFilter        : GET /api/segnalazioni?stato=ATTIVA -> 200 (6 ms)
2026-09-25T13:21:00.769+02:00 DEBUG 24664 --- [crime-app-backend] [http-nio-8080-exec-6] org.hibernate.SQL                        : select s1_0.id,s1_0.anonima,s1_0.autore_id,s1_0.categoria_id,s1_0.data_creazione,s1_0.data_rimozione,s1_0.data_scadenza,s1_0.descrizione,s1_0.posizione,s1_0.stato from segnalazione s1_0
2026-09-25T13:21:00.772+02:00 DEBUG 24664 --- [crime-app-backend] [http-nio-8080-exec-6] org.hibernate.SQL                        : select c1_0.id,c1_0.attiva,c1_0.descrizione,c1_0.durata_validita_ore,c1_0.icona,c1_0.nome from categoria c1_0 where c1_0.id=?
2026-09-25T13:21:00.774+02:00  INFO 24664 --- [crime-app-backend] [http-nio-8080-exec-6] c.d.c.config.RequestLoggingFilter        : GET /api/segnalazioni -> 200 (9 ms)
2026-09-25T13:21:14.683+02:00 DEBUG 24664 --- [crime-app-backend] [http-nio-8080-exec-7] org.hibernate.SQL                        : select u1_0.id,u1_0.attivo,u1_0.cognome,u1_0.data_aggiornamento,u1_0.data_registrazione,u1_0.email,u1_0.identita_verificata,u1_0.nome,u1_0.password_hash,u1_0.punteggio_fiducia from utente u1_0
2026-09-25T13:21:14.685+02:00 DEBUG 24664 --- [crime-app-backend] [http-nio-8080-exec-7] org.hibernate.SQL                        : select pn1_0.id,pn1_0.notifiche_attive,pn1_0.notifiche_solo_categorie_preferite,pn1_0.raggio_notifica_metri,pn1_0.utente_id from preferenze_notifica pn1_0 where pn1_0.utente_id=?
2026-09-25T13:21:14.687+02:00 DEBUG 24664 --- [crime-app-backend] [http-nio-8080-exec-7] org.hibernate.SQL                        : select pn1_0.id,pn1_0.notifiche_attive,pn1_0.notifiche_solo_categorie_preferite,pn1_0.raggio_notifica_metri,pn1_0.utente_id from preferenze_notifica pn1_0 where pn1_0.utente_id=?
2026-09-25T13:21:14.688+02:00 DEBUG 24664 --- [crime-app-backend] [http-nio-8080-exec-7] org.hibernate.SQL                        : select pn1_0.id,pn1_0.notifiche_attive,pn1_0.notifiche_solo_categorie_preferite,pn1_0.raggio_notifica_metri,pn1_0.utente_id from preferenze_notifica pn1_0 where pn1_0.utente_id=?
2026-09-25T13:21:14.689+02:00 DEBUG 24664 --- [crime-app-backend] [http-nio-8080-exec-7] org.hibernate.SQL                        : select pn1_0.id,pn1_0.notifiche_attive,pn1_0.notifiche_solo_categorie_preferite,pn1_0.raggio_notifica_metri,pn1_0.utente_id from preferenze_notifica pn1_0 where pn1_0.utente_id=?
2026-09-25T13:21:14.690+02:00 DEBUG 24664 --- [crime-app-backend] [http-nio-8080-exec-7] org.hibernate.SQL                        : select pn1_0.id,pn1_0.notifiche_attive,pn1_0.notifiche_solo_categorie_preferite,pn1_0.raggio_notifica_metri,pn1_0.utente_id from preferenze_notifica pn1_0 where pn1_0.utente_id=?
2026-09-25T13:21:14.692+02:00 DEBUG 24664 --- [crime-app-backend] [http-nio-8080-exec-7] org.hibernate.SQL                        : select pn1_0.id,pn1_0.notifiche_attive,pn1_0.notifiche_solo_categorie_preferite,pn1_0.raggio_notifica_metri,pn1_0.utente_id from preferenze_notifica pn1_0 where pn1_0.utente_id=?
2026-09-25T13:21:14.693+02:00 DEBUG 24664 --- [crime-app-backend] [http-nio-8080-exec-7] org.hibernate.SQL                        : select pn1_0.id,pn1_0.notifiche_attive,pn1_0.notifiche_solo_categorie_preferite,pn1_0.raggio_notifica_metri,pn1_0.utente_id from preferenze_notifica pn1_0 where pn1_0.utente_id=?
2026-09-25T13:21:14.694+02:00 DEBUG 24664 --- [crime-app-backend] [http-nio-8080-exec-7] org.hibernate.SQL                        : select pn1_0.id,pn1_0.notifiche_attive,pn1_0.notifiche_solo_categorie_preferite,pn1_0.raggio_notifica_metri,pn1_0.utente_id from preferenze_notifica pn1_0 where pn1_0.utente_id=?
2026-09-25T13:21:14.698+02:00  INFO 24664 --- [crime-app-backend] [http-nio-8080-exec-7] c.d.c.config.RequestLoggingFilter        : GET /api/utenti -> 200 (18 ms)
2026-09-25T13:21:32.108+02:00 DEBUG 24664 --- [crime-app-backend] [http-nio-8080-exec-8] org.hibernate.SQL                        : select c1_0.id,c1_0.attiva,c1_0.descrizione,c1_0.durata_validita_ore,c1_0.icona,c1_0.nome from categoria c1_0
2026-09-25T13:21:32.110+02:00 DEBUG 24664 --- [crime-app-backend] [http-nio-8080-exec-9] org.hibernate.SQL                        : select u1_0.id,u1_0.attivo,u1_0.cognome,u1_0.data_aggiornamento,u1_0.data_registrazione,u1_0.email,u1_0.identita_verificata,u1_0.nome,u1_0.password_hash,u1_0.punteggio_fiducia from utente u1_0
2026-09-25T13:21:32.110+02:00 DEBUG 24664 --- [crime-app-backend] [http-nio-8080-exec-10] org.hibernate.SQL                        : select s1_0.id,s1_0.anonima,s1_0.autore_id,s1_0.categoria_id,s1_0.data_creazione,s1_0.data_rimozione,s1_0.data_scadenza,s1_0.descrizione,s1_0.posizione,s1_0.stato from segnalazione s1_0
2026-09-25T13:21:32.111+02:00  INFO 24664 --- [crime-app-backend] [http-nio-8080-exec-8] c.d.c.config.RequestLoggingFilter        : GET /api/categorie -> 200 (6 ms)
2026-09-25T13:21:32.111+02:00 DEBUG 24664 --- [crime-app-backend] [http-nio-8080-exec-9] org.hibernate.SQL                        : select pn1_0.id,pn1_0.notifiche_attive,pn1_0.notifiche_solo_categorie_preferite,pn1_0.raggio_notifica_metri,pn1_0.utente_id from preferenze_notifica pn1_0 where pn1_0.utente_id=?
2026-09-25T13:21:32.112+02:00 DEBUG 24664 --- [crime-app-backend] [http-nio-8080-exec-10] org.hibernate.SQL                        : select c1_0.id,c1_0.attiva,c1_0.descrizione,c1_0.durata_validita_ore,c1_0.icona,c1_0.nome from categoria c1_0 where c1_0.id=?
2026-09-25T13:21:32.113+02:00 DEBUG 24664 --- [crime-app-backend] [http-nio-8080-exec-9] org.hibernate.SQL                        : select pn1_0.id,pn1_0.notifiche_attive,pn1_0.notifiche_solo_categorie_preferite,pn1_0.raggio_notifica_metri,pn1_0.utente_id from preferenze_notifica pn1_0 where pn1_0.utente_id=?
2026-09-25T13:21:32.114+02:00 DEBUG 24664 --- [crime-app-backend] [http-nio-8080-exec-9] org.hibernate.SQL                        : select pn1_0.id,pn1_0.notifiche_attive,pn1_0.notifiche_solo_categorie_preferite,pn1_0.raggio_notifica_metri,pn1_0.utente_id from preferenze_notifica pn1_0 where pn1_0.utente_id=?
2026-09-25T13:21:32.116+02:00  INFO 24664 --- [crime-app-backend] [http-nio-8080-exec-10] c.d.c.config.RequestLoggingFilter        : GET /api/segnalazioni -> 200 (8 ms)
2026-09-25T13:21:32.117+02:00 DEBUG 24664 --- [crime-app-backend] [http-nio-8080-exec-9] org.hibernate.SQL                        : select pn1_0.id,pn1_0.notifiche_attive,pn1_0.notifiche_solo_categorie_preferite,pn1_0.raggio_notifica_metri,pn1_0.utente_id from preferenze_notifica pn1_0 where pn1_0.utente_id=?
2026-09-25T13:21:32.118+02:00 DEBUG 24664 --- [crime-app-backend] [http-nio-8080-exec-9] org.hibernate.SQL                        : select pn1_0.id,pn1_0.notifiche_attive,pn1_0.notifiche_solo_categorie_preferite,pn1_0.raggio_notifica_metri,pn1_0.utente_id from preferenze_notifica pn1_0 where pn1_0.utente_id=?
2026-09-25T13:21:32.120+02:00 DEBUG 24664 --- [crime-app-backend] [http-nio-8080-exec-9] org.hibernate.SQL                        : select pn1_0.id,pn1_0.notifiche_attive,pn1_0.notifiche_solo_categorie_preferite,pn1_0.raggio_notifica_metri,pn1_0.utente_id from preferenze_notifica pn1_0 where pn1_0.utente_id=?
2026-09-25T13:21:32.122+02:00 DEBUG 24664 --- [crime-app-backend] [http-nio-8080-exec-9] org.hibernate.SQL                        : select pn1_0.id,pn1_0.notifiche_attive,pn1_0.notifiche_solo_categorie_preferite,pn1_0.raggio_notifica_metri,pn1_0.utente_id from preferenze_notifica pn1_0 where pn1_0.utente_id=?
2026-09-25T13:21:32.123+02:00 DEBUG 24664 --- [crime-app-backend] [http-nio-8080-exec-9] org.hibernate.SQL                        : select pn1_0.id,pn1_0.notifiche_attive,pn1_0.notifiche_solo_categorie_preferite,pn1_0.raggio_notifica_metri,pn1_0.utente_id from preferenze_notifica pn1_0 where pn1_0.utente_id=?
2026-09-25T13:21:32.126+02:00  INFO 24664 --- [crime-app-backend] [http-nio-8080-exec-9] c.d.c.config.RequestLoggingFilter        : GET /api/utenti -> 200 (18 ms)
2026-09-25T13:21:58.165+02:00  WARN 24664 --- [crime-app-backend] [http-nio-8080-exec-3] c.d.c.exception.GlobalExceptionHandler   : Validazione fallita: La longitudine deve essere compresa tra -180 e 180; La latitudine deve essere compresa tra -90 e 90
2026-09-25T13:21:58.165+02:00  WARN 24664 --- [crime-app-backend] [http-nio-8080-exec-3] .m.m.a.ExceptionHandlerExceptionResolver : Resolved [org.springframework.web.bind.MethodArgumentNotValidException: Validation failed for argument [0] in public org.springframework.http.ResponseEntity<com.daniele.crime_app_backend.dto.SegnalazioneDto> com.daniele.crime_app_backend.controller.SegnalazioneController.crea(com.daniele.crime_app_backend.dto.SegnalazioneRequest) with 2 errors: [Field error in object 'segnalazioneRequest' on field 'lng': rejected value [1221.0]; codes [DecimalMax.segnalazioneRequest.lng,DecimalMax.lng,DecimalMax.java.lang.Double,DecimalMax]; arguments [org.springframework.context.support.DefaultMessageSourceResolvable: codes [segnalazioneRequest.lng,lng]; arguments []; default message [lng],true,180]; default message [La longitudine deve essere compresa tra -180 e 180]] [Field error in object 'segnalazioneRequest' on field 'lat': rejected value [2121.0]; codes [DecimalMax.segnalazioneRequest.lat,DecimalMax.lat,DecimalMax.java.lang.Double,DecimalMax]; arguments [org.springframework.context.support.DefaultMessageSourceResolvable: codes [segnalazioneRequest.lat,lat]; arguments []; default message [lat],true,90]; default message [La latitudine deve essere compresa tra -90 e 90]] ]
2026-09-25T13:21:58.165+02:00  INFO 24664 --- [crime-app-backend] [http-nio-8080-exec-3] c.d.c.config.RequestLoggingFilter        : POST /api/segnalazioni -> 400 (39 ms)
2026-09-25T13:22:04.202+02:00  WARN 24664 --- [crime-app-backend] [http-nio-8080-exec-5] c.d.c.exception.GlobalExceptionHandler   : Validazione fallita: La latitudine deve essere compresa tra -90 e 90
2026-09-25T13:22:04.207+02:00  WARN 24664 --- [crime-app-backend] [http-nio-8080-exec-5] .m.m.a.ExceptionHandlerExceptionResolver : Resolved [org.springframework.web.bind.MethodArgumentNotValidException: Validation failed for argument [0] in public org.springframework.http.ResponseEntity<com.daniele.crime_app_backend.dto.SegnalazioneDto> com.daniele.crime_app_backend.controller.SegnalazioneController.crea(com.daniele.crime_app_backend.dto.SegnalazioneRequest): [Field error in object 'segnalazioneRequest' on field 'lat': rejected value [100.0]; codes [DecimalMax.segnalazioneRequest.lat,DecimalMax.lat,DecimalMax.java.lang.Double,DecimalMax]; arguments [org.springframework.context.support.DefaultMessageSourceResolvable: codes [segnalazioneRequest.lat,lat]; arguments []; default message [lat],true,90]; default message [La latitudine deve essere compresa tra -90 e 90]] ]
2026-09-25T13:22:04.207+02:00  INFO 24664 --- [crime-app-backend] [http-nio-8080-exec-5] c.d.c.config.RequestLoggingFilter        : POST /api/segnalazioni -> 400 (5 ms)
2026-09-25T13:22:10.838+02:00 DEBUG 24664 --- [crime-app-backend] [http-nio-8080-exec-6] org.hibernate.SQL                        : select u1_0.id,u1_0.attivo,u1_0.cognome,u1_0.data_aggiornamento,u1_0.data_registrazione,u1_0.email,u1_0.identita_verificata,u1_0.nome,u1_0.password_hash,pn1_0.id,pn1_0.notifiche_attive,pn1_0.notifiche_solo_categorie_preferite,pn1_0.raggio_notifica_metri,pn1_0.utente_id,u1_0.punteggio_fiducia from utente u1_0 left join preferenze_notifica pn1_0 on u1_0.id=pn1_0.utente_id where u1_0.id=?
2026-09-25T13:22:10.842+02:00 DEBUG 24664 --- [crime-app-backend] [http-nio-8080-exec-6] org.hibernate.SQL                        : select c1_0.id,c1_0.attiva,c1_0.descrizione,c1_0.durata_validita_ore,c1_0.icona,c1_0.nome from categoria c1_0 where c1_0.id=?
2026-09-25T13:22:10.854+02:00 DEBUG 24664 --- [crime-app-backend] [http-nio-8080-exec-6] org.hibernate.SQL                        : insert into segnalazione (anonima,autore_id,categoria_id,data_creazione,data_rimozione,data_scadenza,descrizione,posizione,stato) values (?,?,?,?,?,?,?,?,?)
2026-09-25T13:22:10.880+02:00  INFO 24664 --- [crime-app-backend] [http-nio-8080-exec-6] c.d.c.config.RequestLoggingFilter        : POST /api/segnalazioni -> 201 (45 ms)
2026-09-25T13:22:10.884+02:00 DEBUG 24664 --- [crime-app-backend] [http-nio-8080-exec-7] org.hibernate.SQL                        : select s1_0.id,s1_0.anonima,s1_0.autore_id,s1_0.categoria_id,s1_0.data_creazione,s1_0.data_rimozione,s1_0.data_scadenza,s1_0.descrizione,s1_0.posizione,s1_0.stato from segnalazione s1_0
2026-09-25T13:22:10.887+02:00 DEBUG 24664 --- [crime-app-backend] [http-nio-8080-exec-7] org.hibernate.SQL                        : select c1_0.id,c1_0.attiva,c1_0.descrizione,c1_0.durata_validita_ore,c1_0.icona,c1_0.nome from categoria c1_0 where c1_0.id=?
2026-09-25T13:22:10.888+02:00 DEBUG 24664 --- [crime-app-backend] [http-nio-8080-exec-7] org.hibernate.SQL                        : select c1_0.id,c1_0.attiva,c1_0.descrizione,c1_0.durata_validita_ore,c1_0.icona,c1_0.nome from categoria c1_0 where c1_0.id=?
2026-09-25T13:22:10.891+02:00  INFO 24664 --- [crime-app-backend] [http-nio-8080-exec-7] c.d.c.config.RequestLoggingFilter        : GET /api/segnalazioni -> 200 (8 ms)
2026-09-25T13:22:55.596+02:00 DEBUG 24664 --- [crime-app-backend] [scheduling-1] org.hibernate.SQL                        : select s1_0.id,s1_0.anonima,s1_0.autore_id,s1_0.categoria_id,s1_0.data_creazione,s1_0.data_rimozione,s1_0.data_scadenza,s1_0.descrizione,s1_0.posizione,s1_0.stato from segnalazione s1_0 where s1_0.stato=? and s1_0.data_scadenza<?
2026-09-25T13:23:51.342+02:00 DEBUG 24664 --- [crime-app-backend] [http-nio-8080-exec-10] org.hibernate.SQL                        : select c1_0.id,c1_0.attiva,c1_0.descrizione,c1_0.durata_validita_ore,c1_0.icona,c1_0.nome from categoria c1_0
2026-09-25T13:23:51.346+02:00  INFO 24664 --- [crime-app-backend] [http-nio-8080-exec-10] c.d.c.config.RequestLoggingFilter        : GET /api/categorie -> 200 (6 ms)
2026-09-25T13:23:53.190+02:00 DEBUG 24664 --- [crime-app-backend] [http-nio-8080-exec-9] org.hibernate.SQL                        : select c1_0.id,c1_0.attiva,c1_0.descrizione,c1_0.durata_validita_ore,c1_0.icona,c1_0.nome from categoria c1_0
2026-09-25T13:23:53.193+02:00  INFO 24664 --- [crime-app-backend] [http-nio-8080-exec-9] c.d.c.config.RequestLoggingFilter        : GET /api/categorie -> 200 (7 ms)
2026-09-25T13:27:54.407+02:00 DEBUG 24664 --- [crime-app-backend] [http-nio-8080-exec-3] org.hibernate.SQL                        : select c1_0.id,c1_0.attiva,c1_0.descrizione,c1_0.durata_validita_ore,c1_0.icona,c1_0.nome from categoria c1_0
2026-09-25T13:27:54.412+02:00  INFO 24664 --- [crime-app-backend] [http-nio-8080-exec-3] c.d.c.config.RequestLoggingFilter        : GET /api/categorie -> 200 (10 ms)
2026-09-25T13:27:55.600+02:00 DEBUG 24664 --- [crime-app-backend] [scheduling-1] org.hibernate.SQL                        : select s1_0.id,s1_0.anonima,s1_0.autore_id,s1_0.categoria_id,s1_0.data_creazione,s1_0.data_rimozione,s1_0.data_scadenza,s1_0.descrizione,s1_0.posizione,s1_0.stato from segnalazione s1_0 where s1_0.stato=? and s1_0.data_scadenza<?
2026-09-25T13:29:58.772+02:00 DEBUG 24664 --- [crime-app-backend] [http-nio-8080-exec-5] org.hibernate.SQL                        : select c1_0.id,c1_0.attiva,c1_0.descrizione,c1_0.durata_validita_ore,c1_0.icona,c1_0.nome from categoria c1_0
2026-09-25T13:29:58.777+02:00  INFO 24664 --- [crime-app-backend] [http-nio-8080-exec-5] c.d.c.config.RequestLoggingFilter        : GET /api/categorie -> 200 (9 ms)
2026-09-25T13:32:44.169+02:00 DEBUG 24664 --- [crime-app-backend] [http-nio-8080-exec-6] org.hibernate.SQL                        : select c1_0.id,c1_0.attiva,c1_0.descrizione,c1_0.durata_validita_ore,c1_0.icona,c1_0.nome from categoria c1_0
2026-09-25T13:32:44.184+02:00  INFO 24664 --- [crime-app-backend] [http-nio-8080-exec-6] c.d.c.config.RequestLoggingFilter        : GET /api/categorie -> 200 (27 ms)
2026-09-25T13:32:55.598+02:00 DEBUG 24664 --- [crime-app-backend] [scheduling-1] org.hibernate.SQL                        : select s1_0.id,s1_0.anonima,s1_0.autore_id,s1_0.categoria_id,s1_0.data_creazione,s1_0.data_rimozione,s1_0.data_scadenza,s1_0.descrizione,s1_0.posizione,s1_0.stato from segnalazione s1_0 where s1_0.stato=? and s1_0.data_scadenza<?
2026-09-25T13:33:25.454+02:00 DEBUG 24664 --- [crime-app-backend] [http-nio-8080-exec-7] org.hibernate.SQL                        : select c1_0.id,c1_0.attiva,c1_0.descrizione,c1_0.durata_validita_ore,c1_0.icona,c1_0.nome from categoria c1_0
2026-09-25T13:33:25.458+02:00  INFO 24664 --- [crime-app-backend] [http-nio-8080-exec-7] c.d.c.config.RequestLoggingFilter        : GET /api/categorie -> 200 (9 ms)
2026-09-25T13:33:28.345+02:00 DEBUG 24664 --- [crime-app-backend] [http-nio-8080-exec-8] org.hibernate.SQL                        : select c1_0.id,c1_0.attiva,c1_0.descrizione,c1_0.durata_validita_ore,c1_0.icona,c1_0.nome from categoria c1_0
2026-09-25T13:33:28.348+02:00  INFO 24664 --- [crime-app-backend] [http-nio-8080-exec-8] c.d.c.config.RequestLoggingFilter        : GET /api/categorie -> 200 (6 ms)
2026-09-25T13:37:02.482+02:00 DEBUG 24664 --- [crime-app-backend] [http-nio-8080-exec-9] org.hibernate.SQL                        : select c1_0.id,c1_0.attiva,c1_0.descrizione,c1_0.durata_validita_ore,c1_0.icona,c1_0.nome from categoria c1_0
2026-09-25T13:37:02.499+02:00  INFO 24664 --- [crime-app-backend] [http-nio-8080-exec-9] c.d.c.config.RequestLoggingFilter        : GET /api/categorie -> 200 (37 ms)
2026-09-25T13:37:05.553+02:00 DEBUG 24664 --- [crime-app-backend] [http-nio-8080-exec-1] org.hibernate.SQL                        : select c1_0.id,c1_0.attiva,c1_0.descrizione,c1_0.durata_validita_ore,c1_0.icona,c1_0.nome from categoria c1_0
2026-09-25T13:37:05.557+02:00  INFO 24664 --- [crime-app-backend] [http-nio-8080-exec-1] c.d.c.config.RequestLoggingFilter        : GET /api/categorie -> 200 (6 ms)
2026-09-25T13:37:55.597+02:00 DEBUG 24664 --- [crime-app-backend] [scheduling-1] org.hibernate.SQL                        : select s1_0.id,s1_0.anonima,s1_0.autore_id,s1_0.categoria_id,s1_0.data_creazione,s1_0.data_rimozione,s1_0.data_scadenza,s1_0.descrizione,s1_0.posizione,s1_0.stato from segnalazione s1_0 where s1_0.stato=? and s1_0.data_scadenza<?
2026-09-25T13:40:20.207+02:00 DEBUG 24664 --- [crime-app-backend] [http-nio-8080-exec-7] org.hibernate.SQL                        : select c1_0.id,c1_0.attiva,c1_0.descrizione,c1_0.durata_validita_ore,c1_0.icona,c1_0.nome from categoria c1_0
2026-09-25T13:40:20.230+02:00  INFO 24664 --- [crime-app-backend] [http-nio-8080-exec-7] c.d.c.config.RequestLoggingFilter        : GET /api/categorie -> 200 (27 ms)
2026-09-25T13:40:31.573+02:00 DEBUG 24664 --- [crime-app-backend] [http-nio-8080-exec-8] org.hibernate.SQL                        : select c1_0.id,c1_0.attiva,c1_0.descrizione,c1_0.durata_validita_ore,c1_0.icona,c1_0.nome from categoria c1_0
2026-09-25T13:40:31.577+02:00  INFO 24664 --- [crime-app-backend] [http-nio-8080-exec-8] c.d.c.config.RequestLoggingFilter        : GET /api/categorie -> 200 (8 ms)
2026-09-25T13:41:13.161+02:00 DEBUG 24664 --- [crime-app-backend] [http-nio-8080-exec-10] org.hibernate.SQL                        : select c1_0.id,c1_0.attiva,c1_0.descrizione,c1_0.durata_validita_ore,c1_0.icona,c1_0.nome from categoria c1_0
2026-09-25T13:41:13.171+02:00  INFO 24664 --- [crime-app-backend] [http-nio-8080-exec-10] c.d.c.config.RequestLoggingFilter        : GET /api/categorie -> 200 (17 ms)
2026-09-25T13:41:21.475+02:00 DEBUG 24664 --- [crime-app-backend] [http-nio-8080-exec-9] org.hibernate.SQL                        : select c1_0.id,c1_0.attiva,c1_0.descrizione,c1_0.durata_validita_ore,c1_0.icona,c1_0.nome from categoria c1_0
2026-09-25T13:41:21.480+02:00  INFO 24664 --- [crime-app-backend] [http-nio-8080-exec-9] c.d.c.config.RequestLoggingFilter        : GET /api/categorie -> 200 (8 ms)
2026-09-25T13:41:35.124+02:00  INFO 24664 --- [crime-app-backend] [SpringApplicationShutdownHook] o.s.boot.tomcat.GracefulShutdown         : Commencing graceful shutdown. Waiting for active requests to complete
2026-09-25T13:41:35.134+02:00  INFO 24664 --- [crime-app-backend] [tomcat-shutdown] o.s.boot.tomcat.GracefulShutdown         : Graceful shutdown complete
2026-09-25T13:41:35.151+02:00  INFO 24664 --- [crime-app-backend] [SpringApplicationShutdownHook] j.LocalContainerEntityManagerFactoryBean : Closing JPA EntityManagerFactory for persistence unit 'default'
